
> build
> tsc

src/controllers/authController.ts(15,55): error TS2451: Cannot redeclare block-scoped variable 'profile'.
src/controllers/authController.ts(64,7): error TS2451: Cannot redeclare block-scoped variable 'profile'.
src/controllers/authController.ts(66,5): error TS2588: Cannot assign to 'profile' because it is a constant.
src/controllers/authController.ts(68,5): error TS2588: Cannot assign to 'profile' because it is a constant.
src/controllers/authController.ts(70,5): error TS2588: Cannot assign to 'profile' because it is a constant.
src/controllers/parentController.ts(23,40): error TS2345: Argument of type 'string | string[]' is not assignable to parameter of type 'string | number | ObjectId | Uint8Array<ArrayBufferLike> | ObjectIdLike'.
  Type 'string[]' is not assignable to type 'string | number | ObjectId | Uint8Array<ArrayBufferLike> | ObjectIdLike'.
    Type 'string[]' is missing the following properties from type 'Uint8Array<ArrayBufferLike>': BYTES_PER_ELEMENT, buffer, byteLength, byteOffset, and 7 more.
src/controllers/parentController.ts(96,40): error TS2345: Argument of type 'string | string[]' is not assignable to parameter of type 'string | number | ObjectId | Uint8Array<ArrayBufferLike> | ObjectIdLike'.
  Type 'string[]' is not assignable to type 'string | number | ObjectId | Uint8Array<ArrayBufferLike> | ObjectIdLike'.
    Type 'string[]' is missing the following properties from type 'Uint8Array<ArrayBufferLike>': BYTES_PER_ELEMENT, buffer, byteLength, byteOffset, and 7 more.
src/controllers/parentController.ts(130,47): error TS2769: No overload matches this call.
  The last overload gave the following error.
    Argument of type 'string | string[]' is not assignable to parameter of type 'string | number | ObjectId | Uint8Array<ArrayBufferLike> | ObjectIdLike | undefined'.
      Type 'string[]' is not assignable to type 'string | number | ObjectId | Uint8Array<ArrayBufferLike> | ObjectIdLike | undefined'.
        Type 'string[]' is missing the following properties from type 'Uint8Array<ArrayBufferLike>': BYTES_PER_ELEMENT, buffer, byteLength, byteOffset, and 7 more.
src/controllers/parentController.ts(262,40): error TS2345: Argument of type 'string | string[]' is not assignable to parameter of type 'string | number | ObjectId | Uint8Array<ArrayBufferLike> | ObjectIdLike'.
  Type 'string[]' is not assignable to type 'string | number | ObjectId | Uint8Array<ArrayBufferLike> | ObjectIdLike'.
    Type 'string[]' is missing the following properties from type 'Uint8Array<ArrayBufferLike>': BYTES_PER_ELEMENT, buffer, byteLength, byteOffset, and 7 more.
src/controllers/studentController.ts(59,40): error TS2345: Argument of type 'string | string[]' is not assignable to parameter of type 'string | number | ObjectId | Uint8Array<ArrayBufferLike> | ObjectIdLike'.
  Type 'string[]' is not assignable to type 'string | number | ObjectId | Uint8Array<ArrayBufferLike> | ObjectIdLike'.
    Type 'string[]' is missing the following properties from type 'Uint8Array<ArrayBufferLike>': BYTES_PER_ELEMENT, buffer, byteLength, byteOffset, and 7 more.
src/controllers/studentController.ts(158,40): error TS2345: Argument of type 'string | string[]' is not assignable to parameter of type 'string | number | ObjectId | Uint8Array<ArrayBufferLike> | ObjectIdLike'.
  Type 'string[]' is not assignable to type 'string | number | ObjectId | Uint8Array<ArrayBufferLike> | ObjectIdLike'.
    Type 'string[]' is missing the following properties from type 'Uint8Array<ArrayBufferLike>': BYTES_PER_ELEMENT, buffer, byteLength, byteOffset, and 7 more.
src/controllers/studentController.ts(161,49): error TS2769: No overload matches this call.
  The last overload gave the following error.
    Argument of type 'string | string[]' is not assignable to parameter of type 'string | number | ObjectId | Uint8Array<ArrayBufferLike> | ObjectIdLike | undefined'.
      Type 'string[]' is not assignable to type 'string | number | ObjectId | Uint8Array<ArrayBufferLike> | ObjectIdLike | undefined'.
        Type 'string[]' is missing the following properties from type 'Uint8Array<ArrayBufferLike>': BYTES_PER_ELEMENT, buffer, byteLength, byteOffset, and 7 more.
